================================================================================
LEMMA HUMAN VERIFICATION SYSTEM - TEST REPORT
================================================================================

Security Tests: FAILED
  - 0/6 tests passed
Input Validation Tests: FAILED
Dependency Tests: PASSED
All Tests with Coverage: FAILED
  - Code Coverage: 23.0%
Flake8 Linting: FAILED
MyPy Type Checking: FAILED

OVERALL RESULT: SOME TESTS FAILED
================================================================================